[     451ms] [WARNING] Image with src "/logo/logo-teal-transparent.png" has either width or height modified, but not the other. If you use CSS to change the size of your image, also include the styles 'width: "auto"' or 'height: "auto"' to maintain the aspect ratio. @ http://localhost:3003/_next/static/chunks/node_modules_next_dist_115brz8._.js:2431
[     834ms] [ERROR] Failed to load resource: the server responded with a status of 400 (Bad Request) @ http://localhost:3003/_next/image?url=%2Fimages%2Fproducts%2Fhexaring-chew-keys.jpg&w=640&q=75:0
[     835ms] [ERROR] Failed to load resource: the server responded with a status of 400 (Bad Request) @ http://localhost:3003/_next/image?url=%2Fimages%2Fproducts%2Fvelura-textured-spoon.jpg&w=640&q=75:0
[     836ms] [ERROR] Failed to load resource: the server responded with a status of 400 (Bad Request) @ http://localhost:3003/_next/image?url=%2Fimages%2Fproducts%2Fprism-brick-chew-pendant.jpg&w=640&q=75:0
[     840ms] [ERROR] Failed to load resource: the server responded with a status of 400 (Bad Request) @ http://localhost:3003/_next/image?url=%2Fimages%2Fproducts%2Fprecision-tongue-trainer.jpg&w=640&q=75:0
[     840ms] [ERROR] Failed to load resource: the server responded with a status of 400 (Bad Request) @ http://localhost:3003/_next/image?url=%2Fimages%2Fproducts%2Faerogrip-chew-sleeves.jpg&w=640&q=75:0
[     841ms] [ERROR] Failed to load resource: the server responded with a status of 400 (Bad Request) @ http://localhost:3003/_next/image?url=%2Fimages%2Fproducts%2Fprism-brick-pencil-chew-toppers.jpg&w=640&q=75:0
[    1025ms] [ERROR] Failed to load resource: the server responded with a status of 400 (Bad Request) @ http://localhost:3003/_next/image?url=%2Fimages%2Fproducts%2Fflexi-t-chew-tools.jpg&w=640&q=75:0
[    1026ms] [ERROR] Failed to load resource: the server responded with a status of 400 (Bad Request) @ http://localhost:3003/_next/image?url=%2Fimages%2Fproducts%2Fcrimson-sensory-bars.jpg&w=640&q=75:0
[    1027ms] [ERROR] Failed to load resource: the server responded with a status of 400 (Bad Request) @ http://localhost:3003/_next/image?url=%2Fimages%2Fproducts%2Fbutterfly-calm-chews.jpg&w=640&q=75:0
[    1030ms] [ERROR] Failed to load resource: the server responded with a status of 400 (Bad Request) @ http://localhost:3003/_next/image?url=%2Fimages%2Fproducts%2Faurora-tag-chews.jpg&w=640&q=75:0
[    1032ms] [ERROR] Failed to load resource: the server responded with a status of 400 (Bad Request) @ http://localhost:3003/_next/image?url=%2Fimages%2Fproducts%2Fpreschool-sensory-mealtime-set.jpg&w=640&q=75:0
[    1066ms] [ERROR] Failed to load resource: the server responded with a status of 400 (Bad Request) @ http://localhost:3003/_next/image?url=%2Fimages%2Fproducts%2Fintensive-oral-motor-development-kit.jpg&w=640&q=75:0
[    1197ms] [ERROR] Failed to load resource: the server responded with a status of 400 (Bad Request) @ http://localhost:3003/_next/image?url=%2Fimages%2Fproducts%2Fclinic-assessment-pack.jpg&w=640&q=75:0
[    1197ms] [ERROR] Failed to load resource: the server responded with a status of 400 (Bad Request) @ http://localhost:3003/_next/image?url=%2Fimages%2Fproducts%2Fall-in-one-oral-sensory-mega-kit.jpg&w=640&q=75:0
[    1198ms] [ERROR] Failed to load resource: the server responded with a status of 400 (Bad Request) @ http://localhost:3003/_next/image?url=%2Fimages%2Fproducts%2Fstarter-oral-sensory-kit.jpg&w=640&q=75:0
[    1198ms] [ERROR] Failed to load resource: the server responded with a status of 400 (Bad Request) @ http://localhost:3003/_next/image?url=%2Fimages%2Fproducts%2Fschool-and-homework-chew-pack.jpg&w=640&q=75:0
[    7950ms] [ERROR] Failed to load resource: the server responded with a status of 400 (Bad Request) @ http://localhost:3003/_next/image?url=%2Fimages%2Fproducts%2Fvelura-textured-spoon.jpg&w=640&q=75:0
[    7993ms] [ERROR] Failed to load resource: the server responded with a status of 400 (Bad Request) @ http://localhost:3003/_next/image?url=%2Fimages%2Fproducts%2Fhexaring-chew-keys.jpg&w=640&q=75:0
[    8041ms] [ERROR] Failed to load resource: the server responded with a status of 400 (Bad Request) @ http://localhost:3003/_next/image?url=%2Fimages%2Fproducts%2Faerogrip-chew-sleeves.jpg&w=640&q=75:0
[    8058ms] [ERROR] Failed to load resource: the server responded with a status of 400 (Bad Request) @ http://localhost:3003/_next/image?url=%2Fimages%2Fproducts%2Fprism-brick-pencil-chew-toppers.jpg&w=640&q=75:0
[    8070ms] [ERROR] Failed to load resource: the server responded with a status of 400 (Bad Request) @ http://localhost:3003/_next/image?url=%2Fimages%2Fproducts%2Fprism-brick-chew-pendant.jpg&w=640&q=75:0
[    8073ms] [ERROR] Failed to load resource: the server responded with a status of 400 (Bad Request) @ http://localhost:3003/_next/image?url=%2Fimages%2Fproducts%2Fprecision-tongue-trainer.jpg&w=640&q=75:0
[    8230ms] [ERROR] Failed to load resource: the server responded with a status of 400 (Bad Request) @ http://localhost:3003/_next/image?url=%2Fimages%2Fproducts%2Fcrimson-sensory-bars.jpg&w=640&q=75:0
[    8258ms] [ERROR] Failed to load resource: the server responded with a status of 400 (Bad Request) @ http://localhost:3003/_next/image?url=%2Fimages%2Fproducts%2Fflexi-t-chew-tools.jpg&w=640&q=75:0
[    8325ms] [ERROR] Failed to load resource: the server responded with a status of 400 (Bad Request) @ http://localhost:3003/_next/image?url=%2Fimages%2Fproducts%2Fbutterfly-calm-chews.jpg&w=640&q=75:0
[    8327ms] [ERROR] Failed to load resource: the server responded with a status of 400 (Bad Request) @ http://localhost:3003/_next/image?url=%2Fimages%2Fproducts%2Faurora-tag-chews.jpg&w=640&q=75:0
[    8368ms] [ERROR] Failed to load resource: the server responded with a status of 400 (Bad Request) @ http://localhost:3003/_next/image?url=%2Fimages%2Fproducts%2Fpreschool-sensory-mealtime-set.jpg&w=640&q=75:0
[    8371ms] [ERROR] Failed to load resource: the server responded with a status of 400 (Bad Request) @ http://localhost:3003/_next/image?url=%2Fimages%2Fproducts%2Fintensive-oral-motor-development-kit.jpg&w=640&q=75:0
[    8483ms] [ERROR] Failed to load resource: the server responded with a status of 400 (Bad Request) @ http://localhost:3003/_next/image?url=%2Fimages%2Fproducts%2Fclinic-assessment-pack.jpg&w=640&q=75:0
[    8506ms] [ERROR] Failed to load resource: the server responded with a status of 400 (Bad Request) @ http://localhost:3003/_next/image?url=%2Fimages%2Fproducts%2Fall-in-one-oral-sensory-mega-kit.jpg&w=640&q=75:0
[    8510ms] [ERROR] Failed to load resource: the server responded with a status of 400 (Bad Request) @ http://localhost:3003/_next/image?url=%2Fimages%2Fproducts%2Fstarter-oral-sensory-kit.jpg&w=640&q=75:0
[    8511ms] [ERROR] Failed to load resource: the server responded with a status of 400 (Bad Request) @ http://localhost:3003/_next/image?url=%2Fimages%2Fproducts%2Fschool-and-homework-chew-pack.jpg&w=640&q=75:0
